dhs_index_/home/nelsonjs/code/stampipes/test_data/dnase/aggregation_differential_peaks	0
dhs_index_/home/nelsonjs/code/stampipes/test_data/dnase/aggregation_differential_peaks_percent	0
dhs_index_/home/nelsonjs/code/stampipes/test_data/dnase/aggregation_constitutive_peaks	221
dhs_index_/home/nelsonjs/code/stampipes/test_data/dnase/aggregation_constitutive_peaks_percent	100.000
