chr22_16917543_16917687
chr22_17036121_17036196
chr22_17058266_17058466
chr22_17158752_17158869
chr22_17159263_17159468
chr22_17159470_17159520
chr22_17159648_17159706
chr22_17159709_17159870
chr22_17171311_17172032
chr22_17172045_17172627
chr22_17266693_17266832
chr22_17411320_17411507
chr22_17501811_17501933
chr22_17536305_17536680
chr22_17628706_17628891
chr22_17638523_17638782
chr22_17742553_17742687
chr22_17789458_17789557
chr22_17830020_17830298
chr22_17931392_17931633
chr22_17991145_17991220
chr22_17999045_17999152
chr22_18001719_18001883
chr22_18032646_18032752
chr22_18076182_18076362
chr22_18077760_18078041
chr22_18110247_18110406
chr22_18966867_18966951
chr22_19122541_19122623
chr22_19144667_19144951
chr22_19171624_19171712
chr22_19431693_19431923
chr22_19432247_19432544
chr22_19447350_19447482
chr22_19447723_19447935
chr22_19479108_19479300
chr22_19479405_19480002
chr22_19605588_19605682
chr22_19607374_19607766
chr22_19607769_19607989
chr22_19629981_19630182
chr22_19663440_19663540
chr22_19663549_19663691
chr22_19718087_19718145
chr22_19854777_19855106
chr22_20016799_20017087
chr22_20079867_20080151
chr22_20093480_20093668
chr22_20117184_20117497
chr22_20155474_20155589
chr22_20157032_20157314
chr22_20271646_20271872
chr22_20319988_20320233
chr22_20394024_20394263
chr22_20418267_20418494
chr22_20418506_20418560
chr22_20425058_20425283
chr22_20495733_20496009
chr22_20496512_20496722
chr22_20507464_20507669
chr22_20578833_20579024
chr22_20602841_20602915
chr22_20702887_20702949
chr22_20703214_20703387
chr22_20858367_20858622
chr22_20858650_20859106
chr22_20885615_20885731
chr22_20917224_20917472
chr22_20982097_20982311
chr22_21045661_21046050
chr22_21102829_21103104
chr22_21455933_21456024
chr22_21456364_21456701
chr22_21567594_21567888
chr22_21665937_21666142
chr22_21713031_21713179
chr22_21713235_21713481
chr22_21735789_21736166
chr22_21867545_21867952
chr22_21938097_21938520
chr22_21952876_21952979
chr22_21982766_21982886
chr22_22464152_22464368
chr22_22687806_22687877
chr22_22710829_22710971
chr22_22813260_22813423
chr22_22956014_22956173
chr22_22959215_22959523
chr22_23033576_23033852
chr22_23036714_23036996
chr22_23070077_23070230
chr22_23098871_23099022
chr22_23103648_23103743
chr22_23128535_23128620
chr22_23141995_23142195
chr22_23145228_23145471
chr22_23163751_23163977
chr22_23204745_23204981
chr22_23236750_23236909
chr22_23281941_23282035
chr22_23289797_23289979
chr22_23290115_23290326
chr22_23385953_23386214
chr22_23397183_23397450
chr22_23457187_23457352
chr22_23521912_23522126
chr22_23539664_23539867
chr22_23717245_23717544
chr22_23802937_23803346
chr22_23816109_23816399
chr22_23857733_23857924
chr22_23894284_23894491
chr22_23913815_23914271
chr22_23956588_23956879
chr22_23984520_23984649
chr22_24011109_24011451
chr22_24067768_24067952
chr22_24105092_24105259
chr22_24107736_24108008
chr22_24115928_24116080
chr22_24161981_24162226
chr22_24181559_24181757
chr22_24270570_24270914
chr22_24271082_24271215
chr22_24322076_24322252
chr22_24471657_24471966
chr22_24555201_24555618
chr22_24555820_24556029
chr22_24593017_24593366
chr22_24685948_24686087
chr22_24768874_24769071
chr22_24816780_24816933
chr22_24850432_24850518
chr22_24952497_24952771
chr22_25057414_25057490
chr22_25362259_25362412
chr22_25447920_25448179
chr22_25462605_25462853
chr22_25493450_25493630
chr22_25747281_25747501
chr22_25754943_25755018
chr22_25765083_25765295
chr22_25773074_25773188
chr22_25833794_25834007
chr22_25942144_25942627
chr22_25942634_25943522
chr22_25970407_25970530
chr22_26172505_26172590
chr22_26273384_26273695
chr22_26302768_26303240
chr22_26321486_26321631
chr22_26331058_26331264
chr22_26398717_26398992
chr22_26452825_26452891
chr22_26466279_26466469
chr22_26512339_26512666
chr22_26589846_26590345
chr22_26645332_26645386
chr22_26645407_26645524
chr22_26672630_26673085
chr22_27880911_27881112
chr22_27919151_27919786
chr22_28548490_28548677
chr22_28741745_28742138
chr22_28772532_28772806
chr22_28800485_28800833
chr22_28829502_28829685
chr22_28855660_28855863
chr22_28894432_28894717
chr22_29030794_29031012
chr22_29040715_29040922
chr22_29154485_29154740
chr22_29187870_29188075
chr22_29245629_29245799
chr22_29252624_29252684
chr22_29252713_29252942
chr22_29267852_29268443
chr22_29268542_29268637
chr22_29268639_29268713
chr22_29344183_29344449
chr22_29346829_29346898
chr22_29359621_29359694
chr22_29388458_29388697
chr22_29395094_29395305
chr22_29454315_29454717
chr22_29511841_29511940
chr22_29511952_29512453
chr22_29517243_29517698
chr22_29517700_29517889
chr22_29553579_29554007
chr22_29603299_29603610
chr22_29738518_29738713
chr22_29766867_29767540
chr22_29802001_29802095
chr22_29838252_29838546
chr22_29917357_29917463
chr22_30089071_30089212
chr22_30262954_30263149
chr22_30327069_30327228
chr22_30337302_30337423
chr22_30356551_30357289
chr22_30396918_30397049
chr22_30423825_30424342
chr22_30485506_30485640
chr22_30591817_30592403
chr22_30634580_30634664
chr22_30667587_30667678
chr22_30667681_30667992
chr22_30706371_30706631
chr22_30755524_30755650
chr22_30763858_30764003
chr22_30802898_30803022
chr22_30837583_30837752
chr22_30875996_30876128
chr22_30877002_30877244
chr22_30920372_30920613
chr22_30968950_30969392
chr22_31107629_31107810
chr22_31122862_31123004
chr22_31149066_31149297
chr22_31159990_31160293
chr22_31207492_31207636
chr22_31212016_31212287
chr22_31290581_31291005
chr22_31291719_31291886
chr22_31291936_31292234
chr22_31292308_31292798
chr22_31313433_31313661
chr22_31345834_31346009
chr22_31347593_31347765
chr22_31350522_31350765
chr22_31399349_31399766
chr22_31489697_31490419
chr22_31490427_31490513
chr22_31490516_31490697
chr22_31490701_31490757
chr22_31496005_31496900
chr22_31575245_31575476
chr22_31577776_31577902
chr22_31625841_31626006
chr22_31626381_31626514
chr22_31662118_31662492
chr22_31676741_31677004
chr22_31750134_31750297
chr22_31753734_31753952
chr22_31879578_31879986
chr22_31918851_31919328
chr22_31927152_31927250
chr22_31944317_31944634
chr22_31970749_31970957
chr22_32412110_32412431
chr22_32474500_32474835
chr22_32528985_32529243
chr22_33271676_33271890
chr22_33302125_33302344
chr22_33438440_33438744
chr22_33455179_33455380
chr22_33875245_33875484
chr22_33921055_33921271
chr22_34105571_34105735
chr22_35070641_35070906
chr22_35154998_35155115
chr22_35177964_35178219
chr22_35257396_35257597
chr22_35299560_35300423
chr22_35300628_35300733
chr22_35315959_35316187
chr22_35350755_35351087
chr22_35372019_35372168
chr22_35399853_35400273
chr22_35430999_35431056
chr22_35623351_35623545
chr22_35961556_35961799
chr22_36028523_36028782
chr22_36028809_36029254
chr22_36065601_36066187
chr22_36123833_36124285
chr22_36195091_36195158
chr22_36239636_36239703
chr22_36277773_36277872
chr22_36285651_36285786
chr22_36286188_36286726
chr22_36301395_36301608
chr22_36388013_36388069
chr22_36388072_36388396
chr22_36410058_36410432
chr22_36481364_36481712
chr22_36481953_36482205
chr22_36506766_36507472
chr22_36528914_36529650
chr22_36546330_36546516
chr22_36585984_36586080
chr22_36659847_36660048
chr22_36757735_36757857
chr22_36775675_36775795
chr22_36776046_36776713
chr22_36782072_36782276
chr22_36856379_36856679
chr22_36978079_36978342
chr22_37166639_37166769
chr22_37199333_37199686
chr22_37316938_37317134
chr22_37340571_37340822
chr22_37403421_37403559
chr22_37406955_37407127
chr22_37457425_37457568
chr22_37567363_37567622
chr22_37581573_37581807
chr22_37607113_37607354
chr22_37608350_37608807
chr22_37658402_37658468
chr22_37658471_37658737
chr22_37817780_37817869
chr22_37827156_37827398
chr22_37844322_37844639
chr22_37849309_37849418
chr22_37904699_37904826
chr22_37953599_37953719
chr22_37999954_38000077
chr22_38052420_38052571
chr22_38057053_38057484
chr22_38069380_38069819
chr22_38114535_38114759
chr22_38115516_38115694
chr22_38168250_38168346
chr22_38181813_38182076
chr22_38353195_38353559
chr22_38398824_38399117
chr22_38505481_38507048
chr22_38656280_38656750
chr22_38681825_38682239
chr22_38700380_38700439
chr22_38700693_38701301
chr22_38701309_38701382
chr22_38701389_38701593
chr22_38705156_38705251
chr22_38705252_38705971
chr22_38706187_38706347
chr22_38733818_38733948
chr22_38734061_38734176
chr22_38756020_38756158
chr22_38794022_38794353
chr22_38872251_38872414
chr22_38881540_38881680
chr22_38923898_38924073
chr22_38935065_38935358
chr22_39145753_39145853
chr22_39152582_39152636
chr22_39152746_39153016
chr22_39170907_39171048
chr22_39316506_39316665
chr22_39319469_39319956
chr22_39343649_39343771
chr22_39356604_39356792
chr22_39459849_39459943
chr22_39464085_39464274
chr22_39490264_39490368
chr22_39502214_39502324
chr22_39520109_39520247
chr22_39529197_39529526
chr22_39532716_39533067
chr22_39576411_39576635
chr22_40044134_40044456
chr22_40044458_40044821
chr22_40177768_40178004
chr22_40199323_40199518
chr22_40215311_40215476
chr22_40261834_40262035
chr22_40281789_40281990
chr22_40346386_40346543
chr22_40370479_40370732
chr22_40432278_40432404
chr22_40449715_40449952
chr22_40485912_40486141
chr22_40606027_40606184
chr22_40636658_40637063
chr22_40651758_40651897
chr22_40652065_40652223
chr22_40819243_40819603
chr22_40856560_40857259
chr22_40951147_40951785
chr22_41048866_41049178
chr22_41091109_41091899
chr22_41178738_41178917
chr22_41197461_41197533
chr22_41205031_41205405
chr22_41286215_41286510
chr22_41301485_41301587
chr22_41334284_41334451
chr22_41347577_41347820
chr22_41367141_41367491
chr22_41381290_41382015
chr22_41402130_41402182
chr22_41403863_41404165
chr22_41410424_41410495
chr22_41411573_41411682
chr22_41418032_41418298
chr22_41444473_41444583
chr22_41446734_41447016
chr22_41448574_41448722
chr22_41468686_41468891
chr22_41468960_41469175
chr22_41488124_41488340
chr22_41517849_41518000
chr22_41589786_41590182
chr22_41621014_41621525
chr22_41666797_41666990
chr22_41688725_41689034
chr22_41697157_41697412
chr22_41699363_41699596
chr22_41746626_41746905
chr22_41758402_41758454
chr22_41800443_41800671
chr22_41832649_41833117
chr22_41870882_41871069
chr22_41903002_41903431
chr22_41934861_41935040
chr22_41935043_41935297
chr22_41941370_41941502
chr22_42179704_42179885
chr22_42344664_42344940
chr22_42369305_42369549
chr22_42388480_42388681
chr22_42437580_42437731
chr22_42533037_42533155
chr22_42614791_42615475
chr22_42780151_42780389
chr22_42856955_42857139
chr22_42857188_42857510
chr22_42867862_42868031
chr22_42869027_42869187
chr22_42907129_42907349
chr22_42909487_42909560
chr22_42947731_42947944
chr22_43015055_43015465
chr22_43042585_43042641
chr22_43077437_43077696
chr22_43089102_43089504
chr22_43090301_43090452
chr22_43143237_43143559
chr22_43185890_43185940
chr22_43185959_43186090
chr22_43187483_43187905
chr22_43236429_43236627
chr22_43237380_43237567
chr22_43385694_43385991
chr22_43388439_43388636
chr22_43467331_43467532
chr22_43561646_43561824
chr22_43812302_43812481
chr22_43955146_43955750
chr22_43955784_43955893
chr22_44081294_44081493
chr22_44089342_44089494
chr22_44158673_44159206
chr22_44159214_44159537
chr22_44192910_44193105
chr22_44351952_44352039
chr22_44498330_44498526
chr22_44626267_44626524
chr22_44658383_44658685
chr22_44659247_44659559
chr22_45163643_45164068
chr22_45284911_45285010
chr22_45309601_45309912
chr22_45435771_45435943
chr22_45553881_45553941
chr22_46006480_46006584
chr22_46035756_46035941
chr22_46078820_46078924
chr22_46084970_46085137
chr22_46116487_46116689
chr22_46250152_46250499
chr22_46296617_46296915
chr22_46335557_46335754
chr22_46335812_46335928
chr22_46353029_46353122
chr22_46390712_46390817
chr22_46542373_46542621
chr22_46576739_46576850
chr22_46660859_46661313
chr22_46731376_46731633
chr22_46762486_46762553
chr22_46762555_46762628
chr22_46769181_46769664
chr22_46798721_46798910
chr22_46803478_46803595
chr22_46845906_46846167
chr22_46998404_46998605
chr22_47086754_47086887
chr22_47154759_47154814
chr22_47166647_47166762
chr22_47515803_47516051
chr22_47547921_47548141
chr22_47990561_47990979
chr22_48004994_48005267
chr22_48153754_48153994
chr22_48173563_48173738
chr22_48223894_48224148
chr22_48236383_48236491
chr22_48258942_48258992
chr22_48279489_48279680
chr22_48315498_48316135
chr22_48477436_48477505
chr22_48492510_48492592
chr22_48567234_48567288
chr22_48575194_48575363
chr22_48740642_48740696
chr22_48923550_48923751
chr22_48968369_48968514
chr22_49014779_49015081
chr22_49022113_49022262
chr22_49305194_49305497
chr22_49321644_49321736
chr22_49321738_49322002
chr22_49470571_49470768
chr22_49725018_49725072
chr22_49769011_49769237
chr22_49853458_49853790
chr22_49892233_49892618
chr22_49903703_49903806
chr22_49918043_49918728
chr22_49960228_49960278
chr22_49960317_49960415
chr22_49962556_49962627
chr22_50030392_50030637
chr22_50241209_50241394
chr22_50244929_50245190
chr22_50305234_50305387
chr22_50360676_50360852
chr22_50417051_50417329
chr22_50459850_50460069
chr22_50508075_50508314
chr22_50525563_50525722
chr22_50562903_50563056
chr22_50582783_50583170
chr22_50623107_50623255
chr22_50699080_50699347
chr22_50783561_50783780
