all-aligned	178209
all-mapq-filter	2448
autosomal-align	174812
duplicate	2778
duplicate-nuclear	2778
mm	4766
nm	88657
nuclear-align	174812
paired-aligned	174812
paired-autosomal-align	174812
paired-nuclear-align	174812
qc-flagged	92054
u	174812
u-pf	174812
u-pf-n	174710
u-pf-n-mm2	174710
u-pf-n-mm2-mito	174710
chr22	174698
chr22_KI270733v1_random	8
chr22_KI270735v1_random	2
chr22_KI270736v1_random	2
mapq-0	90866
mapq-1	9
mapq-10	41
mapq-11	68
mapq-12	109
mapq-13	46
mapq-14	21
mapq-15	252
mapq-16	13
mapq-17	1091
mapq-18	53
mapq-19	30
mapq-2	8
mapq-20	198
mapq-21	2
mapq-22	145
mapq-23	692
mapq-24	10
mapq-25	1539
mapq-26	12
mapq-27	7
mapq-28	6
mapq-29	4926
mapq-3	18
mapq-30	21
mapq-32	8
mapq-33	10
mapq-34	8
mapq-35	16
mapq-36	510
mapq-37	17229
mapq-38	64
mapq-39	36
mapq-4	17
mapq-40	92
mapq-41	70
mapq-42	46
mapq-43	112
mapq-44	70
mapq-45	128
mapq-46	508
mapq-47	92
mapq-48	216
mapq-49	138
mapq-5	28
mapq-50	1494
mapq-51	66
mapq-52	210
mapq-53	142
mapq-54	224
mapq-55	234
mapq-57	568
mapq-6	26
mapq-60	144188
mapq-7	23
mapq-8	21
mapq-9	89
samflag-1107	668
samflag-1123	721
samflag-1171	721
samflag-1187	668
samflag-147	43012
samflag-1609	11
samflag-1617	2
samflag-163	42999
samflag-1633	1
samflag-1657	9
samflag-1673	6
samflag-1681	1
samflag-1697	2
samflag-1721	5
samflag-4179	3
samflag-4195	3
samflag-4243	3
samflag-4259	3
samflag-4677	17
samflag-4681	19
samflag-4689	6
samflag-4705	8
samflag-4721	1
samflag-4725	22
samflag-4729	22
samflag-4737	2
samflag-4741	19
samflag-4745	17
samflag-4753	9
samflag-4769	5
samflag-4785	2
samflag-4789	22
samflag-4793	22
samflag-577	89
samflag-581	482
samflag-585	531
samflag-589	43258
samflag-593	222
samflag-609	220
samflag-625	79
samflag-629	492
samflag-633	536
samflag-641	87
samflag-645	542
samflag-649	476
samflag-653	43258
samflag-657	219
samflag-673	223
samflag-689	78
samflag-693	545
samflag-697	487
samflag-83	42999
samflag-99	43012
aligned-readlength-16	2
aligned-readlength-17	2
aligned-readlength-18	18
aligned-readlength-20	94
aligned-readlength-21	164
aligned-readlength-22	280
aligned-readlength-23	338
aligned-readlength-24	484
aligned-readlength-25	546
aligned-readlength-26	726
aligned-readlength-27	918
aligned-readlength-28	1050
aligned-readlength-29	1194
aligned-readlength-30	1272
aligned-readlength-31	1304
aligned-readlength-32	1318
aligned-readlength-33	1416
aligned-readlength-34	1476
aligned-readlength-36	162210
readlength-16	2
readlength-17	2
readlength-18	28
readlength-20	118
readlength-21	218
readlength-22	348
readlength-23	494
readlength-24	688
readlength-25	782
readlength-26	960
readlength-27	1292
readlength-28	1588
readlength-29	1786
readlength-30	1860
readlength-31	1916
readlength-32	1922
readlength-33	2020
readlength-34	2162
readlength-36	248680
