version https://git-lfs.github.com/spec/v1
oid sha256:63e04e073701e23e8a7102764c6bc7675cc3028a33a6f4f45afaead5bf2640de
size 10
