version https://git-lfs.github.com/spec/v1
oid sha256:590140698e8078272ab0c0841e23988a8ecd19b0628e618b640026faefd51aab
size 380
