version https://git-lfs.github.com/spec/v1
oid sha256:2635e82b920fd82694b4177039cedef885b69af8304ff6fd0ccb3f6f59882438
size 12936
