version https://git-lfs.github.com/spec/v1
oid sha256:82fe8e0250d115186f19041715de152cff215f1893b4087bcf0c9c00a01a3a58
size 266093
