version https://git-lfs.github.com/spec/v1
oid sha256:1b0d1b3c187309d3ff91e0e0cdcebb866f0157ac5e843ee7aa92e7be01fc6727
size 9408
