version https://git-lfs.github.com/spec/v1
oid sha256:760cc0821617c1f187e98eff5192e5990b8ac653dafe17a6e4e78c45cbf5efd3
size 23
