version https://git-lfs.github.com/spec/v1
oid sha256:022f3e36093757c348a077207276e7e60b286df562463ee82a9814850b517bf5
size 41954
