version https://git-lfs.github.com/spec/v1
oid sha256:125f2ed1395fa7d84fc1c8f0a01d8892b83931923316c85040bbcb42bc3627bb
size 70
