version https://git-lfs.github.com/spec/v1
oid sha256:d16ca3f9de03f273764387dcf2068f1a30fc312f793d8e3b83f335dc763af125
size 2733
