version https://git-lfs.github.com/spec/v1
oid sha256:b11f84fb9d138c470d5d0022b5108cacbd280cc6ecf3862076eb06ebea22caa4
size 100892
