  total tags  hotspot tags    SPOT
       87400         43616  0.4990
