version https://git-lfs.github.com/spec/v1
oid sha256:97028deeb096d5a163d3255ac8c9d86051c0b86565900492bb465f7e47397d44
size 70
