version https://git-lfs.github.com/spec/v1
oid sha256:49330383258df9bf14928cc5e4b72f84e0fdf8aee8d2de533abf985b00a5ce05
size 2783
