version https://git-lfs.github.com/spec/v1
oid sha256:857eb936de265e5f5f68e15026c7ba494f90dc74fd9d802c6d1874cb9684fb85
size 5112
