version https://git-lfs.github.com/spec/v1
oid sha256:bd40e7cfd547bce0d51da212e61c788e703b59cbb76b9459d446d8d7698247ec
size 935
