version https://git-lfs.github.com/spec/v1
oid sha256:ac5327300e3ce0481c5ca158053b6a90e9548ecd8afca460ac2762484afe8e29
size 70
