version https://git-lfs.github.com/spec/v1
oid sha256:9b265b36a8e791f39432e938570d4d959521eab86c2b44533508c01ec0f13b7a
size 70
