version https://git-lfs.github.com/spec/v1
oid sha256:5af97b864f33e8bef879abd7bfb4188e3f1977cbb01d81321e6091bc169b1a1e
size 963
